// Jest Snapshot v1, https://goo.gl/fbAQLP

exports[`can print to string 1`] = `
"ObjectValue
└─ obj
   └─ "foo":
       └─ str"
`;
